  Camera.cpp
D:\PP2nd\PP2nd\PP2nd\define.h(161,33): warning C4244: '引数': 'double' から 'float' への変換です。データが失われる可能性があります。
  (ソース ファイル 'Camera.cpp' をコンパイルしています)
  
D:\PP2nd\PP2nd\PP2nd\define.h(170,29): warning C4244: '引数': 'double' から 'float' への変換です。データが失われる可能性があります。
  (ソース ファイル 'Camera.cpp' をコンパイルしています)
  
D:\PP2nd\PP2nd\PP2nd\Camera.cpp(40,31): warning C4305: '引数': 'double' から 'float' へ切り詰めます。
  Cube.cpp
D:\PP2nd\PP2nd\PP2nd\define.h(161,33): warning C4244: '引数': 'double' から 'float' への変換です。データが失われる可能性があります。
  (ソース ファイル 'Cube.cpp' をコンパイルしています)
  
D:\PP2nd\PP2nd\PP2nd\define.h(170,29): warning C4244: '引数': 'double' から 'float' への変換です。データが失われる可能性があります。
  (ソース ファイル 'Cube.cpp' をコンパイルしています)
  
  EnemyManager.cpp
D:\PP2nd\PP2nd\PP2nd\define.h(161,33): warning C4244: '引数': 'double' から 'float' への変換です。データが失われる可能性があります。
  (ソース ファイル 'EnemyManager.cpp' をコンパイルしています)
  
D:\PP2nd\PP2nd\PP2nd\define.h(170,29): warning C4244: '引数': 'double' から 'float' への変換です。データが失われる可能性があります。
  (ソース ファイル 'EnemyManager.cpp' をコンパイルしています)
  
  HUD.cpp
D:\PP2nd\PP2nd\PP2nd\define.h(161,33): warning C4244: '引数': 'double' から 'float' への変換です。データが失われる可能性があります。
  (ソース ファイル 'HUD.cpp' をコンパイルしています)
  
D:\PP2nd\PP2nd\PP2nd\define.h(170,29): warning C4244: '引数': 'double' から 'float' への変換です。データが失われる可能性があります。
  (ソース ファイル 'HUD.cpp' をコンパイルしています)
  
D:\PP2nd\PP2nd\PP2nd\HUD.cpp(25,71): warning C4267: '引数': 'size_t' から 'int' に変換しました。データが失われているかもしれません。
  ItemPanel.cpp
D:\PP2nd\PP2nd\PP2nd\define.h(161,33): warning C4244: '引数': 'double' から 'float' への変換です。データが失われる可能性があります。
  (ソース ファイル 'ItemPanel.cpp' をコンパイルしています)
  
D:\PP2nd\PP2nd\PP2nd\define.h(170,29): warning C4244: '引数': 'double' から 'float' への変換です。データが失われる可能性があります。
  (ソース ファイル 'ItemPanel.cpp' をコンパイルしています)
  
  MainScreen.cpp
D:\PP2nd\PP2nd\PP2nd\define.h(161,33): warning C4244: '引数': 'double' から 'float' への変換です。データが失われる可能性があります。
  (ソース ファイル 'MainScreen.cpp' をコンパイルしています)
  
D:\PP2nd\PP2nd\PP2nd\define.h(170,29): warning C4244: '引数': 'double' から 'float' への変換です。データが失われる可能性があります。
  (ソース ファイル 'MainScreen.cpp' をコンパイルしています)
  
  Map.cpp
D:\PP2nd\PP2nd\PP2nd\define.h(161,33): warning C4244: '引数': 'double' から 'float' への変換です。データが失われる可能性があります。
  (ソース ファイル 'Map.cpp' をコンパイルしています)
  
D:\PP2nd\PP2nd\PP2nd\define.h(170,29): warning C4244: '引数': 'double' から 'float' への変換です。データが失われる可能性があります。
  (ソース ファイル 'Map.cpp' をコンパイルしています)
  
D:\PP2nd\PP2nd\PP2nd\define.h(37,25): warning C4244: '+=': 'const float' から 'int' への変換です。データが失われる可能性があります。
  (ソース ファイル 'Map.cpp' をコンパイルしています)
  
D:\PP2nd\PP2nd\PP2nd\Map.cpp(73,26): warning C4244: '引数': 'int' から 'float' への変換です。データが失われる可能性があります。
D:\PP2nd\PP2nd\PP2nd\Map.cpp(73,51): warning C4244: '引数': 'int' から 'float' への変換です。データが失われる可能性があります。
D:\PP2nd\PP2nd\PP2nd\Map.cpp(78,20): warning C4244: '引数': 'int' から 'float' への変換です。データが失われる可能性があります。
D:\PP2nd\PP2nd\PP2nd\Map.cpp(78,35): warning C4244: '引数': 'int' から 'float' への変換です。データが失われる可能性があります。
D:\PP2nd\PP2nd\PP2nd\Map.cpp(247,94): warning C4244: '引数': 'int' から 'float' への変換です。データが失われる可能性があります。
D:\PP2nd\PP2nd\PP2nd\Map.cpp(247,72): warning C4244: '引数': 'int' から 'float' への変換です。データが失われる可能性があります。
  SceneManager.cpp
D:\PP2nd\PP2nd\PP2nd\define.h(161,33): warning C4244: '引数': 'double' から 'float' への変換です。データが失われる可能性があります。
  (ソース ファイル 'SceneManager.cpp' をコンパイルしています)
  
D:\PP2nd\PP2nd\PP2nd\define.h(170,29): warning C4244: '引数': 'double' から 'float' への変換です。データが失われる可能性があります。
  (ソース ファイル 'SceneManager.cpp' をコンパイルしています)
  
  Start.cpp
D:\PP2nd\PP2nd\PP2nd\define.h(161,33): warning C4244: '引数': 'double' から 'float' への変換です。データが失われる可能性があります。
  (ソース ファイル 'Start.cpp' をコンパイルしています)
  
D:\PP2nd\PP2nd\PP2nd\define.h(170,29): warning C4244: '引数': 'double' から 'float' への変換です。データが失われる可能性があります。
  (ソース ファイル 'Start.cpp' をコンパイルしています)
  
  TestScene.cpp
D:\PP2nd\PP2nd\PP2nd\define.h(161,33): warning C4244: '引数': 'double' から 'float' への変換です。データが失われる可能性があります。
  (ソース ファイル 'TestScene.cpp' をコンパイルしています)
  
D:\PP2nd\PP2nd\PP2nd\define.h(170,29): warning C4244: '引数': 'double' から 'float' への変換です。データが失われる可能性があります。
  (ソース ファイル 'TestScene.cpp' をコンパイルしています)
  
  main.cpp
D:\PP2nd\PP2nd\PP2nd\define.h(161,33): warning C4244: '引数': 'double' から 'float' への変換です。データが失われる可能性があります。
  (ソース ファイル 'main.cpp' をコンパイルしています)
  
D:\PP2nd\PP2nd\PP2nd\define.h(170,29): warning C4244: '引数': 'double' から 'float' への変換です。データが失われる可能性があります。
  (ソース ファイル 'main.cpp' をコンパイルしています)
  
  コードを生成中...
D:\PP2nd\PP2nd\PP2nd\Cube.cpp(66): warning C4172: ローカル変数またはテンポラリのアドレスを返します: MHandle
  PP2nd.vcxproj -> D:\PP2nd\PP2nd\x64\Debug\PP2nd.exe
