  Cube.cpp
  Decoy.cpp
  MainScreen.cpp
  Map.cpp
D:\PP2nd\PP2nd\PP2nd\define.h(39,25): warning C4244: '+=': 'const float' から 'int' への変換です。データが失われる可能性があります。
  (ソース ファイル 'Map.cpp' をコンパイルしています)
  
D:\PP2nd\PP2nd\PP2nd\Map.cpp(185,26): warning C4244: '引数': 'int' から 'float' への変換です。データが失われる可能性があります。
D:\PP2nd\PP2nd\PP2nd\Map.cpp(185,51): warning C4244: '引数': 'int' から 'float' への変換です。データが失われる可能性があります。
D:\PP2nd\PP2nd\PP2nd\Map.cpp(190,20): warning C4244: '引数': 'int' から 'float' への変換です。データが失われる可能性があります。
D:\PP2nd\PP2nd\PP2nd\Map.cpp(190,35): warning C4244: '引数': 'int' から 'float' への変換です。データが失われる可能性があります。
D:\PP2nd\PP2nd\PP2nd\Map.cpp(252,35): warning C4838: 'float' から 'int' への変換には縮小変換が必要です
D:\PP2nd\PP2nd\PP2nd\Map.cpp(252,35): warning C4244: '初期化中': 'float' から 'int' への変換です。データが失われる可能性があります。
D:\PP2nd\PP2nd\PP2nd\Map.cpp(252,70): warning C4838: 'float' から 'int' への変換には縮小変換が必要です
D:\PP2nd\PP2nd\PP2nd\Map.cpp(252,70): warning C4244: '初期化中': 'float' から 'int' への変換です。データが失われる可能性があります。
D:\PP2nd\PP2nd\PP2nd\Map.cpp(361,26): warning C4244: '引数': 'int' から 'float' への変換です。データが失われる可能性があります。
D:\PP2nd\PP2nd\PP2nd\Map.cpp(361,53): warning C4244: '引数': 'int' から 'float' への変換です。データが失われる可能性があります。
D:\PP2nd\PP2nd\PP2nd\Map.cpp(366,20): warning C4244: '引数': 'int' から 'float' への変換です。データが失われる可能性があります。
D:\PP2nd\PP2nd\PP2nd\Map.cpp(366,35): warning C4244: '引数': 'int' から 'float' への変換です。データが失われる可能性があります。
D:\PP2nd\PP2nd\PP2nd\Map.cpp(542,94): warning C4244: '引数': 'int' から 'float' への変換です。データが失われる可能性があります。
D:\PP2nd\PP2nd\PP2nd\Map.cpp(542,72): warning C4244: '引数': 'int' から 'float' への変換です。データが失われる可能性があります。
  SceneManager.cpp
  TestScene.cpp
  TitleScene.cpp
  TitleScreen.cpp
D:\PP2nd\PP2nd\PP2nd\TitleScreen.cpp(141,33): warning C4305: '+=': 'double' から 'float' へ切り詰めます。
D:\PP2nd\PP2nd\PP2nd\TitleScreen.cpp(164,18): warning C4838: 'float' から 'int' への変換には縮小変換が必要です
D:\PP2nd\PP2nd\PP2nd\TitleScreen.cpp(164,18): warning C4244: '初期化中': 'float' から 'int' への変換です。データが失われる可能性があります。
D:\PP2nd\PP2nd\PP2nd\TitleScreen.cpp(165,21): warning C4838: 'float' から 'int' への変換には縮小変換が必要です
D:\PP2nd\PP2nd\PP2nd\TitleScreen.cpp(165,21): warning C4244: '初期化中': 'float' から 'int' への変換です。データが失われる可能性があります。
  Trial_Easy.cpp
  コード生成しています。
  11 of 3828 functions ( 0.3%) were compiled, the rest were copied from previous compilation.
    0 functions were new in current compilation
    11 functions had inline decision re-evaluated but remain unchanged
  コード生成が終了しました。
  PP2nd.vcxproj -> D:\PP2nd\PP2nd\x64\Release\PP2nd.exe
